
> agri-intel-v3@0.1.0 prebuild
> npm run lint && npm run type-check


> agri-intel-v3@0.1.0 lint
> eslint

